Simulator report for wxwjwlsd
Mon Nov 23 17:59:41 2020
Quartus II 64-Bit Version 13.0.1 Build 232 06/12/2013 Service Pack 1 SJ Full Version


---------------------
; Table of Contents ;
---------------------
  1. Legal Notice
  2. Simulator Summary
  3. Simulator Settings
  4. Simulation Waveforms
  5. Coverage Summary
  6. Complete 1/0-Value Coverage
  7. Missing 1-Value Coverage
  8. Missing 0-Value Coverage
  9. Simulator INI Usage
 10. Simulator Messages



----------------
; Legal Notice ;
----------------
Copyright (C) 1991-2013 Altera Corporation
Your use of Altera Corporation's design tools, logic functions 
and other software and tools, and its AMPP partner logic 
functions, and any output files from any of the foregoing 
(including device programming or simulation files), and any 
associated documentation or information are expressly subject 
to the terms and conditions of the Altera Program License 
Subscription Agreement, Altera MegaCore Function License 
Agreement, or other applicable license agreement, including, 
without limitation, that your use is for the sole purpose of 
programming logic devices manufactured by Altera and sold by 
Altera or its authorized distributors.  Please refer to the 
applicable agreement for further details.



+--------------------------------------------+
; Simulator Summary                          ;
+-----------------------------+--------------+
; Type                        ; Value        ;
+-----------------------------+--------------+
; Simulation Start Time       ; 0 ps         ;
; Simulation End Time         ; 1.0 us       ;
; Simulation Netlist Size     ; 158 nodes    ;
; Simulation Coverage         ;      21.66 % ;
; Total Number of Transitions ; 531          ;
; Simulation Breakpoints      ; 0            ;
; Family                      ; Cyclone III  ;
+-----------------------------+--------------+


+-------------------------------------------------------------------------------------------------------------------------------------------------------------------------------------+
; Simulator Settings                                                                                                                                                                  ;
+--------------------------------------------------------------------------------------------+------------------------------------------------------------------------+---------------+
; Option                                                                                     ; Setting                                                                ; Default Value ;
+--------------------------------------------------------------------------------------------+------------------------------------------------------------------------+---------------+
; Simulation mode                                                                            ; Functional                                                             ; Timing        ;
; Start time                                                                                 ; 0 ns                                                                   ; 0 ns          ;
; Simulation results format                                                                  ; VWF                                                                    ;               ;
; Vector input source                                                                        ; C:/Users/Administrator/Desktop/shu/shiyan6/shiyan6tuozhan/Waveform.vwf ;               ;
; Add pins automatically to simulation output waveforms                                      ; On                                                                     ; On            ;
; Check outputs                                                                              ; Off                                                                    ; Off           ;
; Report simulation coverage                                                                 ; On                                                                     ; On            ;
; Display complete 1/0 value coverage report                                                 ; On                                                                     ; On            ;
; Display missing 1-value coverage report                                                    ; On                                                                     ; On            ;
; Display missing 0-value coverage report                                                    ; On                                                                     ; On            ;
; Detect setup and hold time violations                                                      ; Off                                                                    ; Off           ;
; Detect glitches                                                                            ; Off                                                                    ; Off           ;
; Disable timing delays in Timing Simulation                                                 ; Off                                                                    ; Off           ;
; Generate Signal Activity File                                                              ; Off                                                                    ; Off           ;
; Generate VCD File for PowerPlay Power Analyzer                                             ; Off                                                                    ; Off           ;
; Group bus channels in simulation results                                                   ; Off                                                                    ; Off           ;
; Preserve fewer signal transitions to reduce memory requirements                            ; On                                                                     ; On            ;
; Trigger vector comparison with the specified mode                                          ; INPUT_EDGE                                                             ; INPUT_EDGE    ;
; Disable setup and hold time violations detection in input registers of bi-directional pins ; Off                                                                    ; Off           ;
; Overwrite Waveform Inputs With Simulation Outputs                                          ; Off                                                                    ;               ;
; Perform Glitch Filtering in Timing Simulation                                              ; Auto                                                                   ; Auto          ;
; Interconnect Delay Model Type                                                              ; Transport                                                              ; Transport     ;
; Cell Delay Model Type                                                                      ; Transport                                                              ; Transport     ;
+--------------------------------------------------------------------------------------------+------------------------------------------------------------------------+---------------+


+----------------------+
; Simulation Waveforms ;
+----------------------+
Waveform report data cannot be output to ASCII.
Please use Quartus II 64-Bit to view the waveform report data.


+--------------------------------------------------------------------+
; Coverage Summary                                                   ;
+-----------------------------------------------------+--------------+
; Type                                                ; Value        ;
+-----------------------------------------------------+--------------+
; Total coverage as a percentage                      ;      21.66 % ;
; Total nodes checked                                 ; 158          ;
; Total output ports checked                          ; 157          ;
; Total output ports with complete 1/0-value coverage ; 34           ;
; Total output ports with no 1/0-value coverage       ; 123          ;
; Total output ports with no 1-value coverage         ; 123          ;
; Total output ports with no 0-value coverage         ; 123          ;
+-----------------------------------------------------+--------------+


The following table displays output ports that toggle between 1 and 0 during simulation.
+----------------------------------------------------------------+
; Complete 1/0-Value Coverage                                    ;
+----------------------+----------------------+------------------+
; Node Name            ; Output Port Name     ; Output Port Type ;
+----------------------+----------------------+------------------+
; |wxwjwlsd|cnt~30     ; |wxwjwlsd|cnt~30     ; out              ;
; |wxwjwlsd|cnt~31     ; |wxwjwlsd|cnt~31     ; out              ;
; |wxwjwlsd|WideOr0    ; |wxwjwlsd|WideOr0    ; out0             ;
; |wxwjwlsd|cnt[1]     ; |wxwjwlsd|cnt[1]     ; regout           ;
; |wxwjwlsd|out~0      ; |wxwjwlsd|out~0      ; out0             ;
; |wxwjwlsd|WideOr1    ; |wxwjwlsd|WideOr1    ; out0             ;
; |wxwjwlsd|state.s0   ; |wxwjwlsd|state.s0   ; regout           ;
; |wxwjwlsd|WideOr2    ; |wxwjwlsd|WideOr2    ; out0             ;
; |wxwjwlsd|state.s1   ; |wxwjwlsd|state.s1   ; regout           ;
; |wxwjwlsd|state.s2   ; |wxwjwlsd|state.s2   ; regout           ;
; |wxwjwlsd|state.s3   ; |wxwjwlsd|state.s3   ; regout           ;
; |wxwjwlsd|state.s4   ; |wxwjwlsd|state.s4   ; regout           ;
; |wxwjwlsd|state.s5   ; |wxwjwlsd|state.s5   ; regout           ;
; |wxwjwlsd|state.s6   ; |wxwjwlsd|state.s6   ; regout           ;
; |wxwjwlsd|state.s7   ; |wxwjwlsd|state.s7   ; regout           ;
; |wxwjwlsd|cnt[0]     ; |wxwjwlsd|cnt[0]     ; regout           ;
; |wxwjwlsd|out[0]     ; |wxwjwlsd|out[0]     ; pin_out          ;
; |wxwjwlsd|out[1]     ; |wxwjwlsd|out[1]     ; pin_out          ;
; |wxwjwlsd|out[2]     ; |wxwjwlsd|out[2]     ; pin_out          ;
; |wxwjwlsd|out[3]     ; |wxwjwlsd|out[3]     ; pin_out          ;
; |wxwjwlsd|out[6]     ; |wxwjwlsd|out[6]     ; pin_out          ;
; |wxwjwlsd|clk        ; |wxwjwlsd|clk        ; out              ;
; |wxwjwlsd|state~0    ; |wxwjwlsd|state~0    ; out0             ;
; |wxwjwlsd|state.s0~0 ; |wxwjwlsd|state.s0~0 ; out0             ;
; |wxwjwlsd|WideOr0~0  ; |wxwjwlsd|WideOr0~0  ; out0             ;
; |wxwjwlsd|state.s2~0 ; |wxwjwlsd|state.s2~0 ; out0             ;
; |wxwjwlsd|out~2      ; |wxwjwlsd|out~2      ; out0             ;
; |wxwjwlsd|WideOr1~0  ; |wxwjwlsd|WideOr1~0  ; out0             ;
; |wxwjwlsd|out~4      ; |wxwjwlsd|out~4      ; out0             ;
; |wxwjwlsd|WideOr0~1  ; |wxwjwlsd|WideOr0~1  ; out0             ;
; |wxwjwlsd|WideOr0~2  ; |wxwjwlsd|WideOr0~2  ; out0             ;
; |wxwjwlsd|state~4    ; |wxwjwlsd|state~4    ; out0             ;
; |wxwjwlsd|Add0~0     ; |wxwjwlsd|Add0~0     ; out0             ;
; |wxwjwlsd|Equal0~0   ; |wxwjwlsd|Equal0~0   ; out0             ;
+----------------------+----------------------+------------------+


The following table displays output ports that do not toggle to 1 during simulation.
+----------------------------------------------------------+
; Missing 1-Value Coverage                                 ;
+-------------------+-------------------+------------------+
; Node Name         ; Output Port Name  ; Output Port Type ;
+-------------------+-------------------+------------------+
; |wxwjwlsd|cnt[15] ; |wxwjwlsd|cnt[15] ; regout           ;
; |wxwjwlsd|cnt[14] ; |wxwjwlsd|cnt[14] ; regout           ;
; |wxwjwlsd|cnt[13] ; |wxwjwlsd|cnt[13] ; regout           ;
; |wxwjwlsd|cnt~0   ; |wxwjwlsd|cnt~0   ; out              ;
; |wxwjwlsd|cnt~1   ; |wxwjwlsd|cnt~1   ; out              ;
; |wxwjwlsd|cnt~2   ; |wxwjwlsd|cnt~2   ; out              ;
; |wxwjwlsd|cnt~3   ; |wxwjwlsd|cnt~3   ; out              ;
; |wxwjwlsd|cnt~4   ; |wxwjwlsd|cnt~4   ; out              ;
; |wxwjwlsd|cnt~5   ; |wxwjwlsd|cnt~5   ; out              ;
; |wxwjwlsd|cnt~6   ; |wxwjwlsd|cnt~6   ; out              ;
; |wxwjwlsd|cnt~7   ; |wxwjwlsd|cnt~7   ; out              ;
; |wxwjwlsd|cnt~8   ; |wxwjwlsd|cnt~8   ; out              ;
; |wxwjwlsd|cnt~9   ; |wxwjwlsd|cnt~9   ; out              ;
; |wxwjwlsd|cnt~10  ; |wxwjwlsd|cnt~10  ; out              ;
; |wxwjwlsd|cnt~11  ; |wxwjwlsd|cnt~11  ; out              ;
; |wxwjwlsd|cnt~12  ; |wxwjwlsd|cnt~12  ; out              ;
; |wxwjwlsd|cnt~13  ; |wxwjwlsd|cnt~13  ; out              ;
; |wxwjwlsd|cnt~14  ; |wxwjwlsd|cnt~14  ; out              ;
; |wxwjwlsd|cnt~15  ; |wxwjwlsd|cnt~15  ; out              ;
; |wxwjwlsd|cnt~16  ; |wxwjwlsd|cnt~16  ; out              ;
; |wxwjwlsd|cnt~17  ; |wxwjwlsd|cnt~17  ; out              ;
; |wxwjwlsd|cnt~18  ; |wxwjwlsd|cnt~18  ; out              ;
; |wxwjwlsd|cnt~19  ; |wxwjwlsd|cnt~19  ; out              ;
; |wxwjwlsd|cnt~20  ; |wxwjwlsd|cnt~20  ; out              ;
; |wxwjwlsd|cnt~21  ; |wxwjwlsd|cnt~21  ; out              ;
; |wxwjwlsd|cnt~22  ; |wxwjwlsd|cnt~22  ; out              ;
; |wxwjwlsd|cnt~23  ; |wxwjwlsd|cnt~23  ; out              ;
; |wxwjwlsd|cnt~24  ; |wxwjwlsd|cnt~24  ; out              ;
; |wxwjwlsd|cnt~25  ; |wxwjwlsd|cnt~25  ; out              ;
; |wxwjwlsd|cnt~26  ; |wxwjwlsd|cnt~26  ; out              ;
; |wxwjwlsd|cnt~27  ; |wxwjwlsd|cnt~27  ; out              ;
; |wxwjwlsd|cnt~28  ; |wxwjwlsd|cnt~28  ; out              ;
; |wxwjwlsd|cnt~29  ; |wxwjwlsd|cnt~29  ; out              ;
; |wxwjwlsd|cnt[12] ; |wxwjwlsd|cnt[12] ; regout           ;
; |wxwjwlsd|cnt[11] ; |wxwjwlsd|cnt[11] ; regout           ;
; |wxwjwlsd|cnt[10] ; |wxwjwlsd|cnt[10] ; regout           ;
; |wxwjwlsd|cnt[9]  ; |wxwjwlsd|cnt[9]  ; regout           ;
; |wxwjwlsd|cnt[8]  ; |wxwjwlsd|cnt[8]  ; regout           ;
; |wxwjwlsd|cnt[7]  ; |wxwjwlsd|cnt[7]  ; regout           ;
; |wxwjwlsd|cnt[6]  ; |wxwjwlsd|cnt[6]  ; regout           ;
; |wxwjwlsd|cnt[5]  ; |wxwjwlsd|cnt[5]  ; regout           ;
; |wxwjwlsd|cnt[4]  ; |wxwjwlsd|cnt[4]  ; regout           ;
; |wxwjwlsd|cnt[3]  ; |wxwjwlsd|cnt[3]  ; regout           ;
; |wxwjwlsd|cnt[2]  ; |wxwjwlsd|cnt[2]  ; regout           ;
; |wxwjwlsd|cnt[16] ; |wxwjwlsd|cnt[16] ; regout           ;
; |wxwjwlsd|cnt[17] ; |wxwjwlsd|cnt[17] ; regout           ;
; |wxwjwlsd|cnt[18] ; |wxwjwlsd|cnt[18] ; regout           ;
; |wxwjwlsd|cnt[19] ; |wxwjwlsd|cnt[19] ; regout           ;
; |wxwjwlsd|cnt[20] ; |wxwjwlsd|cnt[20] ; regout           ;
; |wxwjwlsd|cnt[21] ; |wxwjwlsd|cnt[21] ; regout           ;
; |wxwjwlsd|cnt[22] ; |wxwjwlsd|cnt[22] ; regout           ;
; |wxwjwlsd|cnt[23] ; |wxwjwlsd|cnt[23] ; regout           ;
; |wxwjwlsd|cnt[24] ; |wxwjwlsd|cnt[24] ; regout           ;
; |wxwjwlsd|cnt[25] ; |wxwjwlsd|cnt[25] ; regout           ;
; |wxwjwlsd|cnt[26] ; |wxwjwlsd|cnt[26] ; regout           ;
; |wxwjwlsd|cnt[27] ; |wxwjwlsd|cnt[27] ; regout           ;
; |wxwjwlsd|cnt[28] ; |wxwjwlsd|cnt[28] ; regout           ;
; |wxwjwlsd|cnt[29] ; |wxwjwlsd|cnt[29] ; regout           ;
; |wxwjwlsd|cnt[30] ; |wxwjwlsd|cnt[30] ; regout           ;
; |wxwjwlsd|cnt[31] ; |wxwjwlsd|cnt[31] ; regout           ;
; |wxwjwlsd|out[4]  ; |wxwjwlsd|out[4]  ; pin_out          ;
; |wxwjwlsd|out[5]  ; |wxwjwlsd|out[5]  ; pin_out          ;
; |wxwjwlsd|sel     ; |wxwjwlsd|sel     ; pin_out          ;
; |wxwjwlsd|Add0~1  ; |wxwjwlsd|Add0~1  ; out0             ;
; |wxwjwlsd|Add0~2  ; |wxwjwlsd|Add0~2  ; out0             ;
; |wxwjwlsd|Add0~3  ; |wxwjwlsd|Add0~3  ; out0             ;
; |wxwjwlsd|Add0~4  ; |wxwjwlsd|Add0~4  ; out0             ;
; |wxwjwlsd|Add0~5  ; |wxwjwlsd|Add0~5  ; out0             ;
; |wxwjwlsd|Add0~6  ; |wxwjwlsd|Add0~6  ; out0             ;
; |wxwjwlsd|Add0~7  ; |wxwjwlsd|Add0~7  ; out0             ;
; |wxwjwlsd|Add0~8  ; |wxwjwlsd|Add0~8  ; out0             ;
; |wxwjwlsd|Add0~9  ; |wxwjwlsd|Add0~9  ; out0             ;
; |wxwjwlsd|Add0~10 ; |wxwjwlsd|Add0~10 ; out0             ;
; |wxwjwlsd|Add0~11 ; |wxwjwlsd|Add0~11 ; out0             ;
; |wxwjwlsd|Add0~12 ; |wxwjwlsd|Add0~12 ; out0             ;
; |wxwjwlsd|Add0~13 ; |wxwjwlsd|Add0~13 ; out0             ;
; |wxwjwlsd|Add0~14 ; |wxwjwlsd|Add0~14 ; out0             ;
; |wxwjwlsd|Add0~15 ; |wxwjwlsd|Add0~15 ; out0             ;
; |wxwjwlsd|Add0~16 ; |wxwjwlsd|Add0~16 ; out0             ;
; |wxwjwlsd|Add0~17 ; |wxwjwlsd|Add0~17 ; out0             ;
; |wxwjwlsd|Add0~18 ; |wxwjwlsd|Add0~18 ; out0             ;
; |wxwjwlsd|Add0~19 ; |wxwjwlsd|Add0~19 ; out0             ;
; |wxwjwlsd|Add0~20 ; |wxwjwlsd|Add0~20 ; out0             ;
; |wxwjwlsd|Add0~21 ; |wxwjwlsd|Add0~21 ; out0             ;
; |wxwjwlsd|Add0~22 ; |wxwjwlsd|Add0~22 ; out0             ;
; |wxwjwlsd|Add0~23 ; |wxwjwlsd|Add0~23 ; out0             ;
; |wxwjwlsd|Add0~24 ; |wxwjwlsd|Add0~24 ; out0             ;
; |wxwjwlsd|Add0~25 ; |wxwjwlsd|Add0~25 ; out0             ;
; |wxwjwlsd|Add0~26 ; |wxwjwlsd|Add0~26 ; out0             ;
; |wxwjwlsd|Add0~27 ; |wxwjwlsd|Add0~27 ; out0             ;
; |wxwjwlsd|Add0~28 ; |wxwjwlsd|Add0~28 ; out0             ;
; |wxwjwlsd|Add0~29 ; |wxwjwlsd|Add0~29 ; out0             ;
; |wxwjwlsd|Add0~30 ; |wxwjwlsd|Add0~30 ; out0             ;
; |wxwjwlsd|Add0~31 ; |wxwjwlsd|Add0~31 ; out0             ;
; |wxwjwlsd|Add0~32 ; |wxwjwlsd|Add0~32 ; out0             ;
; |wxwjwlsd|Add0~33 ; |wxwjwlsd|Add0~33 ; out0             ;
; |wxwjwlsd|Add0~34 ; |wxwjwlsd|Add0~34 ; out0             ;
; |wxwjwlsd|Add0~35 ; |wxwjwlsd|Add0~35 ; out0             ;
; |wxwjwlsd|Add0~36 ; |wxwjwlsd|Add0~36 ; out0             ;
; |wxwjwlsd|Add0~37 ; |wxwjwlsd|Add0~37 ; out0             ;
; |wxwjwlsd|Add0~38 ; |wxwjwlsd|Add0~38 ; out0             ;
; |wxwjwlsd|Add0~39 ; |wxwjwlsd|Add0~39 ; out0             ;
; |wxwjwlsd|Add0~40 ; |wxwjwlsd|Add0~40 ; out0             ;
; |wxwjwlsd|Add0~41 ; |wxwjwlsd|Add0~41 ; out0             ;
; |wxwjwlsd|Add0~42 ; |wxwjwlsd|Add0~42 ; out0             ;
; |wxwjwlsd|Add0~43 ; |wxwjwlsd|Add0~43 ; out0             ;
; |wxwjwlsd|Add0~44 ; |wxwjwlsd|Add0~44 ; out0             ;
; |wxwjwlsd|Add0~45 ; |wxwjwlsd|Add0~45 ; out0             ;
; |wxwjwlsd|Add0~46 ; |wxwjwlsd|Add0~46 ; out0             ;
; |wxwjwlsd|Add0~47 ; |wxwjwlsd|Add0~47 ; out0             ;
; |wxwjwlsd|Add0~48 ; |wxwjwlsd|Add0~48 ; out0             ;
; |wxwjwlsd|Add0~49 ; |wxwjwlsd|Add0~49 ; out0             ;
; |wxwjwlsd|Add0~50 ; |wxwjwlsd|Add0~50 ; out0             ;
; |wxwjwlsd|Add0~51 ; |wxwjwlsd|Add0~51 ; out0             ;
; |wxwjwlsd|Add0~52 ; |wxwjwlsd|Add0~52 ; out0             ;
; |wxwjwlsd|Add0~53 ; |wxwjwlsd|Add0~53 ; out0             ;
; |wxwjwlsd|Add0~54 ; |wxwjwlsd|Add0~54 ; out0             ;
; |wxwjwlsd|Add0~55 ; |wxwjwlsd|Add0~55 ; out0             ;
; |wxwjwlsd|Add0~56 ; |wxwjwlsd|Add0~56 ; out0             ;
; |wxwjwlsd|Add0~57 ; |wxwjwlsd|Add0~57 ; out0             ;
; |wxwjwlsd|Add0~58 ; |wxwjwlsd|Add0~58 ; out0             ;
; |wxwjwlsd|Add0~59 ; |wxwjwlsd|Add0~59 ; out0             ;
; |wxwjwlsd|Add0~60 ; |wxwjwlsd|Add0~60 ; out0             ;
+-------------------+-------------------+------------------+


The following table displays output ports that do not toggle to 0 during simulation.
+----------------------------------------------------------+
; Missing 0-Value Coverage                                 ;
+-------------------+-------------------+------------------+
; Node Name         ; Output Port Name  ; Output Port Type ;
+-------------------+-------------------+------------------+
; |wxwjwlsd|cnt[15] ; |wxwjwlsd|cnt[15] ; regout           ;
; |wxwjwlsd|cnt[14] ; |wxwjwlsd|cnt[14] ; regout           ;
; |wxwjwlsd|cnt[13] ; |wxwjwlsd|cnt[13] ; regout           ;
; |wxwjwlsd|cnt~0   ; |wxwjwlsd|cnt~0   ; out              ;
; |wxwjwlsd|cnt~1   ; |wxwjwlsd|cnt~1   ; out              ;
; |wxwjwlsd|cnt~2   ; |wxwjwlsd|cnt~2   ; out              ;
; |wxwjwlsd|cnt~3   ; |wxwjwlsd|cnt~3   ; out              ;
; |wxwjwlsd|cnt~4   ; |wxwjwlsd|cnt~4   ; out              ;
; |wxwjwlsd|cnt~5   ; |wxwjwlsd|cnt~5   ; out              ;
; |wxwjwlsd|cnt~6   ; |wxwjwlsd|cnt~6   ; out              ;
; |wxwjwlsd|cnt~7   ; |wxwjwlsd|cnt~7   ; out              ;
; |wxwjwlsd|cnt~8   ; |wxwjwlsd|cnt~8   ; out              ;
; |wxwjwlsd|cnt~9   ; |wxwjwlsd|cnt~9   ; out              ;
; |wxwjwlsd|cnt~10  ; |wxwjwlsd|cnt~10  ; out              ;
; |wxwjwlsd|cnt~11  ; |wxwjwlsd|cnt~11  ; out              ;
; |wxwjwlsd|cnt~12  ; |wxwjwlsd|cnt~12  ; out              ;
; |wxwjwlsd|cnt~13  ; |wxwjwlsd|cnt~13  ; out              ;
; |wxwjwlsd|cnt~14  ; |wxwjwlsd|cnt~14  ; out              ;
; |wxwjwlsd|cnt~15  ; |wxwjwlsd|cnt~15  ; out              ;
; |wxwjwlsd|cnt~16  ; |wxwjwlsd|cnt~16  ; out              ;
; |wxwjwlsd|cnt~17  ; |wxwjwlsd|cnt~17  ; out              ;
; |wxwjwlsd|cnt~18  ; |wxwjwlsd|cnt~18  ; out              ;
; |wxwjwlsd|cnt~19  ; |wxwjwlsd|cnt~19  ; out              ;
; |wxwjwlsd|cnt~20  ; |wxwjwlsd|cnt~20  ; out              ;
; |wxwjwlsd|cnt~21  ; |wxwjwlsd|cnt~21  ; out              ;
; |wxwjwlsd|cnt~22  ; |wxwjwlsd|cnt~22  ; out              ;
; |wxwjwlsd|cnt~23  ; |wxwjwlsd|cnt~23  ; out              ;
; |wxwjwlsd|cnt~24  ; |wxwjwlsd|cnt~24  ; out              ;
; |wxwjwlsd|cnt~25  ; |wxwjwlsd|cnt~25  ; out              ;
; |wxwjwlsd|cnt~26  ; |wxwjwlsd|cnt~26  ; out              ;
; |wxwjwlsd|cnt~27  ; |wxwjwlsd|cnt~27  ; out              ;
; |wxwjwlsd|cnt~28  ; |wxwjwlsd|cnt~28  ; out              ;
; |wxwjwlsd|cnt~29  ; |wxwjwlsd|cnt~29  ; out              ;
; |wxwjwlsd|cnt[12] ; |wxwjwlsd|cnt[12] ; regout           ;
; |wxwjwlsd|cnt[11] ; |wxwjwlsd|cnt[11] ; regout           ;
; |wxwjwlsd|cnt[10] ; |wxwjwlsd|cnt[10] ; regout           ;
; |wxwjwlsd|cnt[9]  ; |wxwjwlsd|cnt[9]  ; regout           ;
; |wxwjwlsd|cnt[8]  ; |wxwjwlsd|cnt[8]  ; regout           ;
; |wxwjwlsd|cnt[7]  ; |wxwjwlsd|cnt[7]  ; regout           ;
; |wxwjwlsd|cnt[6]  ; |wxwjwlsd|cnt[6]  ; regout           ;
; |wxwjwlsd|cnt[5]  ; |wxwjwlsd|cnt[5]  ; regout           ;
; |wxwjwlsd|cnt[4]  ; |wxwjwlsd|cnt[4]  ; regout           ;
; |wxwjwlsd|cnt[3]  ; |wxwjwlsd|cnt[3]  ; regout           ;
; |wxwjwlsd|cnt[2]  ; |wxwjwlsd|cnt[2]  ; regout           ;
; |wxwjwlsd|cnt[16] ; |wxwjwlsd|cnt[16] ; regout           ;
; |wxwjwlsd|cnt[17] ; |wxwjwlsd|cnt[17] ; regout           ;
; |wxwjwlsd|cnt[18] ; |wxwjwlsd|cnt[18] ; regout           ;
; |wxwjwlsd|cnt[19] ; |wxwjwlsd|cnt[19] ; regout           ;
; |wxwjwlsd|cnt[20] ; |wxwjwlsd|cnt[20] ; regout           ;
; |wxwjwlsd|cnt[21] ; |wxwjwlsd|cnt[21] ; regout           ;
; |wxwjwlsd|cnt[22] ; |wxwjwlsd|cnt[22] ; regout           ;
; |wxwjwlsd|cnt[23] ; |wxwjwlsd|cnt[23] ; regout           ;
; |wxwjwlsd|cnt[24] ; |wxwjwlsd|cnt[24] ; regout           ;
; |wxwjwlsd|cnt[25] ; |wxwjwlsd|cnt[25] ; regout           ;
; |wxwjwlsd|cnt[26] ; |wxwjwlsd|cnt[26] ; regout           ;
; |wxwjwlsd|cnt[27] ; |wxwjwlsd|cnt[27] ; regout           ;
; |wxwjwlsd|cnt[28] ; |wxwjwlsd|cnt[28] ; regout           ;
; |wxwjwlsd|cnt[29] ; |wxwjwlsd|cnt[29] ; regout           ;
; |wxwjwlsd|cnt[30] ; |wxwjwlsd|cnt[30] ; regout           ;
; |wxwjwlsd|cnt[31] ; |wxwjwlsd|cnt[31] ; regout           ;
; |wxwjwlsd|out[4]  ; |wxwjwlsd|out[4]  ; pin_out          ;
; |wxwjwlsd|out[5]  ; |wxwjwlsd|out[5]  ; pin_out          ;
; |wxwjwlsd|sel     ; |wxwjwlsd|sel     ; pin_out          ;
; |wxwjwlsd|Add0~1  ; |wxwjwlsd|Add0~1  ; out0             ;
; |wxwjwlsd|Add0~2  ; |wxwjwlsd|Add0~2  ; out0             ;
; |wxwjwlsd|Add0~3  ; |wxwjwlsd|Add0~3  ; out0             ;
; |wxwjwlsd|Add0~4  ; |wxwjwlsd|Add0~4  ; out0             ;
; |wxwjwlsd|Add0~5  ; |wxwjwlsd|Add0~5  ; out0             ;
; |wxwjwlsd|Add0~6  ; |wxwjwlsd|Add0~6  ; out0             ;
; |wxwjwlsd|Add0~7  ; |wxwjwlsd|Add0~7  ; out0             ;
; |wxwjwlsd|Add0~8  ; |wxwjwlsd|Add0~8  ; out0             ;
; |wxwjwlsd|Add0~9  ; |wxwjwlsd|Add0~9  ; out0             ;
; |wxwjwlsd|Add0~10 ; |wxwjwlsd|Add0~10 ; out0             ;
; |wxwjwlsd|Add0~11 ; |wxwjwlsd|Add0~11 ; out0             ;
; |wxwjwlsd|Add0~12 ; |wxwjwlsd|Add0~12 ; out0             ;
; |wxwjwlsd|Add0~13 ; |wxwjwlsd|Add0~13 ; out0             ;
; |wxwjwlsd|Add0~14 ; |wxwjwlsd|Add0~14 ; out0             ;
; |wxwjwlsd|Add0~15 ; |wxwjwlsd|Add0~15 ; out0             ;
; |wxwjwlsd|Add0~16 ; |wxwjwlsd|Add0~16 ; out0             ;
; |wxwjwlsd|Add0~17 ; |wxwjwlsd|Add0~17 ; out0             ;
; |wxwjwlsd|Add0~18 ; |wxwjwlsd|Add0~18 ; out0             ;
; |wxwjwlsd|Add0~19 ; |wxwjwlsd|Add0~19 ; out0             ;
; |wxwjwlsd|Add0~20 ; |wxwjwlsd|Add0~20 ; out0             ;
; |wxwjwlsd|Add0~21 ; |wxwjwlsd|Add0~21 ; out0             ;
; |wxwjwlsd|Add0~22 ; |wxwjwlsd|Add0~22 ; out0             ;
; |wxwjwlsd|Add0~23 ; |wxwjwlsd|Add0~23 ; out0             ;
; |wxwjwlsd|Add0~24 ; |wxwjwlsd|Add0~24 ; out0             ;
; |wxwjwlsd|Add0~25 ; |wxwjwlsd|Add0~25 ; out0             ;
; |wxwjwlsd|Add0~26 ; |wxwjwlsd|Add0~26 ; out0             ;
; |wxwjwlsd|Add0~27 ; |wxwjwlsd|Add0~27 ; out0             ;
; |wxwjwlsd|Add0~28 ; |wxwjwlsd|Add0~28 ; out0             ;
; |wxwjwlsd|Add0~29 ; |wxwjwlsd|Add0~29 ; out0             ;
; |wxwjwlsd|Add0~30 ; |wxwjwlsd|Add0~30 ; out0             ;
; |wxwjwlsd|Add0~31 ; |wxwjwlsd|Add0~31 ; out0             ;
; |wxwjwlsd|Add0~32 ; |wxwjwlsd|Add0~32 ; out0             ;
; |wxwjwlsd|Add0~33 ; |wxwjwlsd|Add0~33 ; out0             ;
; |wxwjwlsd|Add0~34 ; |wxwjwlsd|Add0~34 ; out0             ;
; |wxwjwlsd|Add0~35 ; |wxwjwlsd|Add0~35 ; out0             ;
; |wxwjwlsd|Add0~36 ; |wxwjwlsd|Add0~36 ; out0             ;
; |wxwjwlsd|Add0~37 ; |wxwjwlsd|Add0~37 ; out0             ;
; |wxwjwlsd|Add0~38 ; |wxwjwlsd|Add0~38 ; out0             ;
; |wxwjwlsd|Add0~39 ; |wxwjwlsd|Add0~39 ; out0             ;
; |wxwjwlsd|Add0~40 ; |wxwjwlsd|Add0~40 ; out0             ;
; |wxwjwlsd|Add0~41 ; |wxwjwlsd|Add0~41 ; out0             ;
; |wxwjwlsd|Add0~42 ; |wxwjwlsd|Add0~42 ; out0             ;
; |wxwjwlsd|Add0~43 ; |wxwjwlsd|Add0~43 ; out0             ;
; |wxwjwlsd|Add0~44 ; |wxwjwlsd|Add0~44 ; out0             ;
; |wxwjwlsd|Add0~45 ; |wxwjwlsd|Add0~45 ; out0             ;
; |wxwjwlsd|Add0~46 ; |wxwjwlsd|Add0~46 ; out0             ;
; |wxwjwlsd|Add0~47 ; |wxwjwlsd|Add0~47 ; out0             ;
; |wxwjwlsd|Add0~48 ; |wxwjwlsd|Add0~48 ; out0             ;
; |wxwjwlsd|Add0~49 ; |wxwjwlsd|Add0~49 ; out0             ;
; |wxwjwlsd|Add0~50 ; |wxwjwlsd|Add0~50 ; out0             ;
; |wxwjwlsd|Add0~51 ; |wxwjwlsd|Add0~51 ; out0             ;
; |wxwjwlsd|Add0~52 ; |wxwjwlsd|Add0~52 ; out0             ;
; |wxwjwlsd|Add0~53 ; |wxwjwlsd|Add0~53 ; out0             ;
; |wxwjwlsd|Add0~54 ; |wxwjwlsd|Add0~54 ; out0             ;
; |wxwjwlsd|Add0~55 ; |wxwjwlsd|Add0~55 ; out0             ;
; |wxwjwlsd|Add0~56 ; |wxwjwlsd|Add0~56 ; out0             ;
; |wxwjwlsd|Add0~57 ; |wxwjwlsd|Add0~57 ; out0             ;
; |wxwjwlsd|Add0~58 ; |wxwjwlsd|Add0~58 ; out0             ;
; |wxwjwlsd|Add0~59 ; |wxwjwlsd|Add0~59 ; out0             ;
; |wxwjwlsd|Add0~60 ; |wxwjwlsd|Add0~60 ; out0             ;
+-------------------+-------------------+------------------+


+---------------------+
; Simulator INI Usage ;
+--------+------------+
; Option ; Usage      ;
+--------+------------+


+--------------------+
; Simulator Messages ;
+--------------------+
Info: *******************************************************************
Info: Running Quartus II 64-Bit Simulator
    Info: Version 13.0.1 Build 232 06/12/2013 Service Pack 1 SJ Full Version
    Info: Processing started: Mon Nov 23 17:59:40 2020
Info: Command: quartus_sim --simulation_results_format=VWF wxwjwlsd -c wxwjwlsd
Info (324025): Using vector source file "C:/Users/Administrator/Desktop/shu/shiyan6/shiyan6tuozhan/Waveform.vwf"
Info (310003): Option to preserve fewer signal transitions to reduce memory requirements is enabled
    Info (310004): Simulation has been partitioned into sub-simulations according to the maximum transition count determined by the engine. Transitions from memory will be flushed out to disk at the end of each sub-simulation to reduce memory requirements.
Info (310002): Simulation partitioned into 1 sub-simulations
Info (328053): Simulation coverage is      21.66 %
Info (328052): Number of transitions in simulation is 531
Info (324045): Vector file wxwjwlsd.sim.vwf is saved in VWF text format. You can compress it into CVWF format in order to reduce file size. For more details please refer to the Quartus II Help.
Info: Quartus II 64-Bit Simulator was successful. 0 errors, 0 warnings
    Info: Peak virtual memory: 4457 megabytes
    Info: Processing ended: Mon Nov 23 17:59:41 2020
    Info: Elapsed time: 00:00:01
    Info: Total CPU time (on all processors): 00:00:01


