------------------------------------------------------------
TimeQuest Timing Analyzer Summary
------------------------------------------------------------

Type  : Slow 1200mV 85C Model Setup 'clk'
Slack : -3.912
TNS   : -73.554

Type  : Slow 1200mV 85C Model Setup 'clk_1hz'
Slack : -0.003
TNS   : -0.003

Type  : Slow 1200mV 85C Model Hold 'clk'
Slack : 0.066
TNS   : 0.000

Type  : Slow 1200mV 85C Model Hold 'clk_1hz'
Slack : 0.480
TNS   : 0.000

Type  : Slow 1200mV 85C Model Minimum Pulse Width 'clk'
Slack : -3.000
TNS   : -52.071

Type  : Slow 1200mV 85C Model Minimum Pulse Width 'clk_1hz'
Slack : -1.487
TNS   : -11.896

Type  : Slow 1200mV 0C Model Setup 'clk'
Slack : -3.623
TNS   : -62.433

Type  : Slow 1200mV 0C Model Setup 'clk_1hz'
Slack : 0.090
TNS   : 0.000

Type  : Slow 1200mV 0C Model Hold 'clk'
Slack : 0.107
TNS   : 0.000

Type  : Slow 1200mV 0C Model Hold 'clk_1hz'
Slack : 0.444
TNS   : 0.000

Type  : Slow 1200mV 0C Model Minimum Pulse Width 'clk'
Slack : -3.000
TNS   : -52.071

Type  : Slow 1200mV 0C Model Minimum Pulse Width 'clk_1hz'
Slack : -1.487
TNS   : -11.896

Type  : Fast 1200mV 0C Model Setup 'clk'
Slack : -1.016
TNS   : -13.992

Type  : Fast 1200mV 0C Model Setup 'clk_1hz'
Slack : 0.560
TNS   : 0.000

Type  : Fast 1200mV 0C Model Hold 'clk'
Slack : -0.197
TNS   : -0.197

Type  : Fast 1200mV 0C Model Hold 'clk_1hz'
Slack : 0.192
TNS   : 0.000

Type  : Fast 1200mV 0C Model Minimum Pulse Width 'clk'
Slack : -3.000
TNS   : -37.815

Type  : Fast 1200mV 0C Model Minimum Pulse Width 'clk_1hz'
Slack : -1.000
TNS   : -8.000

------------------------------------------------------------
